
> temp-project@0.1.0 build
> next build

  ▲ Next.js 14.2.35

   Creating an optimized production build ...
 ✓ Compiled successfully
   Linting and checking validity of types ...
   Collecting page data ...
   Generating static pages (0/5) ...
   Generating static pages (1/5) 
   Generating static pages (2/5) 
   Generating static pages (3/5) 
 ✓ Generating static pages (5/5)
   Finalizing page optimization ...
   Collecting build traces ...

Route (app)                              Size     First Load JS
┌ ○ /                                    59.5 kB         147 kB
└ ○ /_not-found                          873 B          88.2 kB
+ First Load JS shared by all            87.3 kB
  ├ chunks/117-c86a41b869f6b521.js       31.7 kB
  ├ chunks/fd9d1056-6922f449a204c2cc.js  53.6 kB
  └ other shared chunks (total)          1.92 kB


○  (Static)  prerendered as static content

